This is pdfTeX, Version 3.141592653-2.6-1.40.27 (MiKTeX 25.4) (preloaded format=pdflatex 2025.11.30)  7 APR 2026 14:23
entering extended mode
 restricted \write18 enabled.
 %&-line parsing enabled.
**./main.tex
(main.tex
LaTeX2e <2024-06-01> patch level 2
L3 programming layer <2024-08-30>
(C:\Users\ravul\AppData\Local\Programs\MiKTeX\tex/latex/ieeetran\IEEEtran.cls
Document Class: IEEEtran 2015/08/26 V1.8b by Michael Shell
-- See the "IEEEtran_HOWTO" manual for usage information.
-- http://www.michaelshell.org/tex/ieeetran/
\@IEEEtrantmpdimenA=\dimen141
\@IEEEtrantmpdimenB=\dimen142
\@IEEEtrantmpdimenC=\dimen143
\@IEEEtrantmpcountA=\count194
\@IEEEtrantmpcountB=\count195
\@IEEEtrantmpcountC=\count196
\@IEEEtrantmptoksA=\toks17
LaTeX Font Info:    Trying to load font information for OT1+ptm on input line 5
03.
(C:\Users\ravul\AppData\Local\Programs\MiKTeX\tex/latex/psnfss\ot1ptm.fd
File: ot1ptm.fd 2001/06/04 font definitions for OT1/ptm.
)
-- Using 8.5in x 11in (letter) paper.
-- Using PDF output.
\@IEEEnormalsizeunitybaselineskip=\dimen144
-- This is a 10 point document.
\CLASSINFOnormalsizebaselineskip=\dimen145
\CLASSINFOnormalsizeunitybaselineskip=\dimen146
\IEEEnormaljot=\dimen147
LaTeX Font Info:    Font shape `OT1/ptm/bx/n' in size <5> not available
(Font)              Font shape `OT1/ptm/b/n' tried instead on input line 1090.
LaTeX Font Info:    Font shape `OT1/ptm/bx/it' in size <5> not available
(Font)              Font shape `OT1/ptm/b/it' tried instead on input line 1090.

LaTeX Font Info:    Font shape `OT1/ptm/bx/n' in size <7> not available
(Font)              Font shape `OT1/ptm/b/n' tried instead on input line 1090.
LaTeX Font Info:    Font shape `OT1/ptm/bx/it' in size <7> not available
(Font)              Font shape `OT1/ptm/b/it' tried instead on input line 1090.

LaTeX Font Info:    Font shape `OT1/ptm/bx/n' in size <8> not available
(Font)              Font shape `OT1/ptm/b/n' tried instead on input line 1090.
LaTeX Font Info:    Font shape `OT1/ptm/bx/it' in size <8> not available
(Font)              Font shape `OT1/ptm/b/it' tried instead on input line 1090.

LaTeX Font Info:    Font shape `OT1/ptm/bx/n' in size <9> not available
(Font)              Font shape `OT1/ptm/b/n' tried instead on input line 1090.
LaTeX Font Info:    Font shape `OT1/ptm/bx/it' in size <9> not available
(Font)              Font shape `OT1/ptm/b/it' tried instead on input line 1090.

LaTeX Font Info:    Font shape `OT1/ptm/bx/n' in size <10> not available
(Font)              Font shape `OT1/ptm/b/n' tried instead on input line 1090.
LaTeX Font Info:    Font shape `OT1/ptm/bx/it' in size <10> not available
(Font)              Font shape `OT1/ptm/b/it' tried instead on input line 1090.

LaTeX Font Info:    Font shape `OT1/ptm/bx/n' in size <11> not available
(Font)              Font shape `OT1/ptm/b/n' tried instead on input line 1090.
LaTeX Font Info:    Font shape `OT1/ptm/bx/it' in size <11> not available
(Font)              Font shape `OT1/ptm/b/it' tried instead on input line 1090.

LaTeX Font Info:    Font shape `OT1/ptm/bx/n' in size <12> not available
(Font)              Font shape `OT1/ptm/b/n' tried instead on input line 1090.
LaTeX Font Info:    Font shape `OT1/ptm/bx/it' in size <12> not available
(Font)              Font shape `OT1/ptm/b/it' tried instead on input line 1090.

LaTeX Font Info:    Font shape `OT1/ptm/bx/n' in size <17> not available
(Font)              Font shape `OT1/ptm/b/n' tried instead on input line 1090.
LaTeX Font Info:    Font shape `OT1/ptm/bx/it' in size <17> not available
(Font)              Font shape `OT1/ptm/b/it' tried instead on input line 1090.

LaTeX Font Info:    Font shape `OT1/ptm/bx/n' in size <20> not available
(Font)              Font shape `OT1/ptm/b/n' tried instead on input line 1090.
LaTeX Font Info:    Font shape `OT1/ptm/bx/it' in size <20> not available
(Font)              Font shape `OT1/ptm/b/it' tried instead on input line 1090.

LaTeX Font Info:    Font shape `OT1/ptm/bx/n' in size <24> not available
(Font)              Font shape `OT1/ptm/b/n' tried instead on input line 1090.
LaTeX Font Info:    Font shape `OT1/ptm/bx/it' in size <24> not available
(Font)              Font shape `OT1/ptm/b/it' tried instead on input line 1090.

\IEEEquantizedlength=\dimen148
\IEEEquantizedlengthdiff=\dimen149
\IEEEquantizedtextheightdiff=\dimen150
\IEEEilabelindentA=\dimen151
\IEEEilabelindentB=\dimen152
\IEEEilabelindent=\dimen153
\IEEEelabelindent=\dimen154
\IEEEdlabelindent=\dimen155
\IEEElabelindent=\dimen156
\IEEEiednormlabelsep=\dimen157
\IEEEiedmathlabelsep=\dimen158
\IEEEiedtopsep=\skip49
\c@section=\count197
\c@subsection=\count198
\c@subsubsection=\count199
\c@paragraph=\count266
\c@IEEEsubequation=\count267
\abovecaptionskip=\skip50
\belowcaptionskip=\skip51
\c@figure=\count268
\c@table=\count269
\@IEEEeqnnumcols=\count270
\@IEEEeqncolcnt=\count271
\@IEEEsubeqnnumrollback=\count272
\@IEEEquantizeheightA=\dimen159
\@IEEEquantizeheightB=\dimen160
\@IEEEquantizeheightC=\dimen161
\@IEEEquantizeprevdepth=\dimen162
\@IEEEquantizemultiple=\count273
\@IEEEquantizeboxA=\box52
\@IEEEtmpitemindent=\dimen163
\IEEEPARstartletwidth=\dimen164
\c@IEEEbiography=\count274
\@IEEEtranrubishbin=\box53
)
** ATTENTION: Overriding command lockouts (line 3).
(C:\Users\ravul\AppData\Local\Programs\MiKTeX\tex/latex/cite\cite.sty
LaTeX Info: Redefining \cite on input line 302.
LaTeX Info: Redefining \nocite on input line 332.
Package: cite 2015/02/27  v 5.5
)
(C:\Users\ravul\AppData\Local\Programs\MiKTeX\tex/latex/amsmath\amsmath.sty
Package: amsmath 2024/05/23 v2.17q AMS math features
\@mathmargin=\skip52

For additional information on amsmath, use the `?' option.
(C:\Users\ravul\AppData\Local\Programs\MiKTeX\tex/latex/amsmath\amstext.sty
Package: amstext 2021/08/26 v2.01 AMS text

(C:\Users\ravul\AppData\Local\Programs\MiKTeX\tex/latex/amsmath\amsgen.sty
File: amsgen.sty 1999/11/30 v2.0 generic functions
\@emptytoks=\toks18
\ex@=\dimen165
))
(C:\Users\ravul\AppData\Local\Programs\MiKTeX\tex/latex/amsmath\amsbsy.sty
Package: amsbsy 1999/11/29 v1.2d Bold Symbols
\pmbraise@=\dimen166
)
(C:\Users\ravul\AppData\Local\Programs\MiKTeX\tex/latex/amsmath\amsopn.sty
Package: amsopn 2022/04/08 v2.04 operator names
)
\inf@bad=\count275
LaTeX Info: Redefining \frac on input line 233.
\uproot@=\count276
\leftroot@=\count277
LaTeX Info: Redefining \overline on input line 398.
LaTeX Info: Redefining \colon on input line 409.
\classnum@=\count278
\DOTSCASE@=\count279
LaTeX Info: Redefining \ldots on input line 495.
LaTeX Info: Redefining \dots on input line 498.
LaTeX Info: Redefining \cdots on input line 619.
\Mathstrutbox@=\box54
\strutbox@=\box55
LaTeX Info: Redefining \big on input line 721.
LaTeX Info: Redefining \Big on input line 722.
LaTeX Info: Redefining \bigg on input line 723.
LaTeX Info: Redefining \Bigg on input line 724.
\big@size=\dimen167
LaTeX Font Info:    Redeclaring font encoding OML on input line 742.
LaTeX Font Info:    Redeclaring font encoding OMS on input line 743.
\macc@depth=\count280
LaTeX Info: Redefining \bmod on input line 904.
LaTeX Info: Redefining \pmod on input line 909.
LaTeX Info: Redefining \smash on input line 939.
LaTeX Info: Redefining \relbar on input line 969.
LaTeX Info: Redefining \Relbar on input line 970.
\c@MaxMatrixCols=\count281
\dotsspace@=\muskip17
\c@parentequation=\count282
\dspbrk@lvl=\count283
\tag@help=\toks19
\row@=\count284
\column@=\count285
\maxfields@=\count286
\andhelp@=\toks20
\eqnshift@=\dimen168
\alignsep@=\dimen169
\tagshift@=\dimen170
\tagwidth@=\dimen171
\totwidth@=\dimen172
\lineht@=\dimen173
\@envbody=\toks21
\multlinegap=\skip53
\multlinetaggap=\skip54
\mathdisplay@stack=\toks22
LaTeX Info: Redefining \[ on input line 2953.
LaTeX Info: Redefining \] on input line 2954.
)
(C:\Users\ravul\AppData\Local\Programs\MiKTeX\tex/latex/amsfonts\amssymb.sty
Package: amssymb 2013/01/14 v3.01 AMS font symbols

(C:\Users\ravul\AppData\Local\Programs\MiKTeX\tex/latex/amsfonts\amsfonts.sty
Package: amsfonts 2013/01/14 v3.01 Basic AMSFonts support
\symAMSa=\mathgroup4
\symAMSb=\mathgroup5
LaTeX Font Info:    Redeclaring math symbol \hbar on input line 98.
LaTeX Font Info:    Overwriting math alphabet `\mathfrak' in version `bold'
(Font)                  U/euf/m/n --> U/euf/b/n on input line 106.
)) (C:\Users\ravul\AppData\Local\Programs\MiKTeX\tex/latex/graphics\graphicx.st
y
Package: graphicx 2021/09/16 v1.2d Enhanced LaTeX Graphics (DPC,SPQR)

(C:\Users\ravul\AppData\Local\Programs\MiKTeX\tex/latex/graphics\keyval.sty
Package: keyval 2022/05/29 v1.15 key=value parser (DPC)
\KV@toks@=\toks23
)
(C:\Users\ravul\AppData\Local\Programs\MiKTeX\tex/latex/graphics\graphics.sty
Package: graphics 2024/05/23 v1.4g Standard LaTeX Graphics (DPC,SPQR)

(C:\Users\ravul\AppData\Local\Programs\MiKTeX\tex/latex/graphics\trig.sty
Package: trig 2023/12/02 v1.11 sin cos tan (DPC)
)
(C:\Users\ravul\AppData\Local\Programs\MiKTeX\tex/latex/graphics-cfg\graphics.c
fg
File: graphics.cfg 2016/06/04 v1.11 sample graphics configuration
)
Package graphics Info: Driver file: pdftex.def on input line 106.

(C:\Users\ravul\AppData\Local\Programs\MiKTeX\tex/latex/graphics-def\pdftex.def
File: pdftex.def 2024/04/13 v1.2c Graphics/color driver for pdftex
))
\Gin@req@height=\dimen174
\Gin@req@width=\dimen175
) (C:\Users\ravul\AppData\Local\Programs\MiKTeX\tex/latex/base\textcomp.sty
Package: textcomp 2024/04/24 v2.1b Standard LaTeX package
)
(C:\Users\ravul\AppData\Local\Programs\MiKTeX\tex/latex/xcolor\xcolor.sty
Package: xcolor 2023/11/15 v3.01 LaTeX color extensions (UK)

(C:\Users\ravul\AppData\Local\Programs\MiKTeX\tex/latex/graphics-cfg\color.cfg
File: color.cfg 2016/01/02 v1.6 sample color configuration
)
Package xcolor Info: Driver file: pdftex.def on input line 274.
(C:\Users\ravul\AppData\Local\Programs\MiKTeX\tex/latex/graphics\mathcolor.ltx)
Package xcolor Info: Model `cmy' substituted by `cmy0' on input line 1350.
Package xcolor Info: Model `hsb' substituted by `rgb' on input line 1354.
Package xcolor Info: Model `RGB' extended on input line 1366.
Package xcolor Info: Model `HTML' substituted by `rgb' on input line 1368.
Package xcolor Info: Model `Hsb' substituted by `hsb' on input line 1369.
Package xcolor Info: Model `tHsb' substituted by `hsb' on input line 1370.
Package xcolor Info: Model `HSB' substituted by `hsb' on input line 1371.
Package xcolor Info: Model `Gray' substituted by `gray' on input line 1372.
Package xcolor Info: Model `wave' substituted by `hsb' on input line 1373.
) (C:\Users\ravul\AppData\Local\Programs\MiKTeX\tex/latex/xurl\xurl.sty
Package: xurl 2022/01/09 v 0.10 modify URL breaks

(C:\Users\ravul\AppData\Local\Programs\MiKTeX\tex/latex/url\url.sty
\Urlmuskip=\muskip18
Package: url 2013/09/16  ver 3.4  Verb mode for urls, etc.
))
(C:\Users\ravul\AppData\Local\Programs\MiKTeX\tex/latex/booktabs\booktabs.sty
Package: booktabs 2020/01/12 v1.61803398 Publication quality tables
\heavyrulewidth=\dimen176
\lightrulewidth=\dimen177
\cmidrulewidth=\dimen178
\belowrulesep=\dimen179
\belowbottomsep=\dimen180
\aboverulesep=\dimen181
\abovetopsep=\dimen182
\cmidrulesep=\dimen183
\cmidrulekern=\dimen184
\defaultaddspace=\dimen185
\@cmidla=\count287
\@cmidlb=\count288
\@aboverulesep=\dimen186
\@belowrulesep=\dimen187
\@thisruleclass=\count289
\@lastruleclass=\count290
\@thisrulewidth=\dimen188
)
(C:\Users\ravul\AppData\Local\Programs\MiKTeX\tex/latex/import\import.sty
Package: import 2020/04/01  v 6.2
)
(C:\Users\ravul\AppData\Local\Programs\MiKTeX\tex/latex/microtype\microtype.sty
Package: microtype 2026/03/01 v3.2d Micro-typographical refinements (RS)
(C:\Users\ravul\AppData\Local\Programs\MiKTeX\tex/latex/etoolbox\etoolbox.sty
Package: etoolbox 2020/10/05 v2.5k e-TeX tools for LaTeX (JAW)
\etb@tempcnta=\count291
)
\MT@toks=\toks24
\MT@tempbox=\box56
\MT@count=\count292
LaTeX Info: Redefining \noprotrusionifhmode on input line 1084.
LaTeX Info: Redefining \leftprotrusion on input line 1085.
\MT@prot@toks=\toks25
LaTeX Info: Redefining \rightprotrusion on input line 1104.
LaTeX Info: Redefining \textls on input line 1449.
\MT@outer@kern=\dimen189
LaTeX Info: Redefining \microtypecontext on input line 2053.
LaTeX Info: Redefining \textmicrotypecontext on input line 2070.
\MT@listname@count=\count293

(C:\Users\ravul\AppData\Local\Programs\MiKTeX\tex/latex/microtype\microtype-pdf
tex.def
File: microtype-pdftex.def 2026/03/01 v3.2d Definitions specific to pdftex (RS)

LaTeX Info: Redefining \lsstyle on input line 944.
LaTeX Info: Redefining \lslig on input line 944.
\MT@outer@space=\skip55
)
Package microtype Info: Loading configuration file microtype.cfg.

(C:\Users\ravul\AppData\Local\Programs\MiKTeX\tex/latex/microtype\microtype.cfg
File: microtype.cfg 2026/03/01 v3.2d microtype main configuration file (RS)
)
LaTeX Info: Redefining \microtypesetup on input line 3065.
) (C:\Users\ravul\AppData\Local\Programs\MiKTeX\tex/latex/preprint\balance.sty
Package: balance 1999/02/23 4.3 (PWD)
\oldvsize=\dimen190
) (C:\Users\ravul\AppData\Local\Programs\MiKTeX\tex/latex/float\float.sty
Package: float 2001/11/08 v1.3d Float enhancements (AL)
\c@float@type=\count294
\float@exts=\toks26
\float@box=\box57
\@float@everytoks=\toks27
\@floatcapt=\box58
)
(C:\Users\ravul\AppData\Local\Programs\MiKTeX\tex/latex/l3backend\l3backend-pdf
tex.def
File: l3backend-pdftex.def 2024-05-08 L3 backend support: PDF output (pdfTeX)
\l__color_backend_stack_int=\count295
\l__pdf_internal_box=\box59
) (main.aux)
\openout1 = `main.aux'.

LaTeX Font Info:    Checking defaults for OML/cmm/m/it on input line 36.
LaTeX Font Info:    ... okay on input line 36.
LaTeX Font Info:    Checking defaults for OMS/cmsy/m/n on input line 36.
LaTeX Font Info:    ... okay on input line 36.
LaTeX Font Info:    Checking defaults for OT1/cmr/m/n on input line 36.
LaTeX Font Info:    ... okay on input line 36.
LaTeX Font Info:    Checking defaults for T1/cmr/m/n on input line 36.
LaTeX Font Info:    ... okay on input line 36.
LaTeX Font Info:    Checking defaults for TS1/cmr/m/n on input line 36.
LaTeX Font Info:    ... okay on input line 36.
LaTeX Font Info:    Checking defaults for OMX/cmex/m/n on input line 36.
LaTeX Font Info:    ... okay on input line 36.
LaTeX Font Info:    Checking defaults for U/cmr/m/n on input line 36.
LaTeX Font Info:    ... okay on input line 36.

-- Lines per column: 56 (exact).

(C:\Users\ravul\AppData\Local\Programs\MiKTeX\tex/context/base/mkii\supp-pdf.mk
ii
[Loading MPS to PDF converter (version 2006.09.02).]
\scratchcounter=\count296
\scratchdimen=\dimen191
\scratchbox=\box60
\nofMPsegments=\count297
\nofMParguments=\count298
\everyMPshowfont=\toks28
\MPscratchCnt=\count299
\MPscratchDim=\dimen192
\MPnumerator=\count300
\makeMPintoPDFobject=\count301
\everyMPtoPDFconversion=\toks29
)
(C:\Users\ravul\AppData\Local\Programs\MiKTeX\tex/latex/epstopdf-pkg\epstopdf-b
ase.sty
Package: epstopdf-base 2020-01-24 v2.11 Base part for package epstopdf
Package epstopdf-base Info: Redefining graphics rule for `.eps' on input line 4
85.

(C:\Users\ravul\AppData\Local\Programs\MiKTeX\tex/latex/00miktex\epstopdf-sys.c
fg
File: epstopdf-sys.cfg 2021/03/18 v2.0 Configuration of epstopdf for MiKTeX
))
LaTeX Info: Redefining \microtypecontext on input line 36.
Package microtype Info: Applying patch `item' on input line 36.
Package microtype Info: Applying patch `toc' on input line 36.
Package microtype Info: Applying patch `eqnum' on input line 36.
Package microtype Info: Applying patch `footnote' on input line 36.
Package microtype Info: Applying patch `verbatim' on input line 36.
LaTeX Info: Redefining \microtypesetup on input line 36.
Package microtype Info: Generating PDF output.
Package microtype Info: Character protrusion enabled (level 2).
Package microtype Info: Using default protrusion set `alltext'.
Package microtype Info: Automatic font expansion enabled (level 2),
(microtype)             stretch: 20, shrink: 20, step: 1, non-selected.
Package microtype Info: Using default expansion set `alltext-nott'.
Package microtype Info: Patching command `\showhyphens'.
Package microtype Info: No adjustment of tracking.
Package microtype Info: No adjustment of interword spacing.
Package microtype Info: No adjustment of character kerning.

(C:\Users\ravul\AppData\Local\Programs\MiKTeX\tex/latex/microtype\mt-ptm.cfg
File: mt-ptm.cfg 2006/04/20 v1.7 microtype config. file: Times (RS)
)
(C:\Users\ravul\AppData\Local\Programs\MiKTeX\tex/latex/microtype\mt-cmr.cfg
File: mt-cmr.cfg 2013/05/19 v2.2 microtype config. file: Computer Modern Roman 
(RS)
)
LaTeX Font Info:    Trying to load font information for U+msa on input line 37.


(C:\Users\ravul\AppData\Local\Programs\MiKTeX\tex/latex/amsfonts\umsa.fd
File: umsa.fd 2013/01/14 v3.01 AMS symbols A
)
(C:\Users\ravul\AppData\Local\Programs\MiKTeX\tex/latex/microtype\mt-msa.cfg
File: mt-msa.cfg 2006/02/04 v1.1 microtype config. file: AMS symbols (a) (RS)
)
LaTeX Font Info:    Trying to load font information for U+msb on input line 37.


(C:\Users\ravul\AppData\Local\Programs\MiKTeX\tex/latex/amsfonts\umsb.fd
File: umsb.fd 2013/01/14 v3.01 AMS symbols B
)
(C:\Users\ravul\AppData\Local\Programs\MiKTeX\tex/latex/microtype\mt-msb.cfg
File: mt-msb.cfg 2005/06/01 v1.0 microtype config. file: AMS symbols (b) (RS)
)
(sections/abstract.tex) (sections/introduction.tex

LaTeX Font Info:    Trying to load font information for OT1+pcr on input line 1
7.
(C:\Users\ravul\AppData\Local\Programs\MiKTeX\tex/latex/psnfss\ot1pcr.fd
File: ot1pcr.fd 2001/06/04 font definitions for OT1/pcr.
))
(sections/related_work.tex) (sections/methodology.tex

[1{C:/Users/ravul/AppData/Local/MiKTeX/fonts/map/pdftex/pdftex.map}{C:/Users/ra
vul/AppData/Local/Programs/MiKTeX/fonts/enc/dvips/base/8r.enc}


]
<tables and visualizations/figures//fig_capstone_moe_framework.png, id=13, 277.
035pt x 315.42844pt>
File: tables and visualizations/figures//fig_capstone_moe_framework.png Graphic
 file (type png)
<use tables and visualizations/figures//fig_capstone_moe_framework.png>
Package pdftex.def Info: tables and visualizations/figures//fig_capstone_moe_fr
amework.png  used on input line 8.
(pdftex.def)             Requested size: 252.0pt x 286.9248pt.


) (sections/datasets.tex

[2 <./tables and visualizations/figures//fig_capstone_moe_framework.png>]
<tables and visualizations/figures//fig_labels_imdb.png, id=23, 422.378pt x 278
.2395pt>
File: tables and visualizations/figures//fig_labels_imdb.png Graphic file (type
 png)
<use tables and visualizations/figures//fig_labels_imdb.png>
Package pdftex.def Info: tables and visualizations/figures//fig_labels_imdb.png
  used on input line 56.
(pdftex.def)             Requested size: 165.12378pt x 108.77194pt.
<tables and visualizations/figures//fig_labels_alldata.png, id=24, 422.378pt x 
278.2395pt>
File: tables and visualizations/figures//fig_labels_alldata.png Graphic file (t
ype png)
<use tables and visualizations/figures//fig_labels_alldata.png>
Package pdftex.def Info: tables and visualizations/figures//fig_labels_alldata.
png  used on input line 62.
(pdftex.def)             Requested size: 165.12378pt x 108.77194pt.
<tables and visualizations/figures//fig_labels_hrast.png, id=25, 425.1885pt x 2
78.2395pt>
File: tables and visualizations/figures//fig_labels_hrast.png Graphic file (typ
e png)
<use tables and visualizations/figures//fig_labels_hrast.png>
Package pdftex.def Info: tables and visualizations/figures//fig_labels_hrast.pn
g  used on input line 68.
(pdftex.def)             Requested size: 165.12378pt x 108.05869pt.
<tables and visualizations/figures//fig_capstone_dataset_inventory.png, id=26, 
452.4403pt x 162.6075pt>
File: tables and visualizations/figures//fig_capstone_dataset_inventory.png Gra
phic file (type png)
<use tables and visualizations/figures//fig_capstone_dataset_inventory.png>
Package pdftex.def Info: tables and visualizations/figures//fig_capstone_datase
t_inventory.png  used on input line 76.
(pdftex.def)             Requested size: 252.0pt x 90.5683pt.
<tables and visualizations/figures//fig_capstone_bert_pipeline.png, id=27, 326.
72063pt x 283.0575pt>
File: tables and visualizations/figures//fig_capstone_bert_pipeline.png Graphic
 file (type png)
<use tables and visualizations/figures//fig_capstone_bert_pipeline.png>
Package pdftex.def Info: tables and visualizations/figures//fig_capstone_bert_p
ipeline.png  used on input line 83.
(pdftex.def)             Requested size: 252.0pt x 218.32205pt.


) (sections/experimental_setup.tex

[3 <./tables and visualizations/figures//fig_capstone_dataset_inventory.png> <.
/tables and visualizations/figures//fig_capstone_bert_pipeline.png>]

) (sections/capstone_visuals.tex
<tables and visualizations/figures//fig_capstone_ensemble_eval_pipeline.png, id
=34, 307.90031pt x 309.40594pt>
File: tables and visualizations/figures//fig_capstone_ensemble_eval_pipeline.pn
g Graphic file (type png)
<use tables and visualizations/figures//fig_capstone_ensemble_eval_pipeline.png
>
Package pdftex.def Info: tables and visualizations/figures//fig_capstone_ensemb
le_eval_pipeline.png  used on input line 8.
(pdftex.def)             Requested size: 252.0pt x 253.23767pt.


[4 <./tables and visualizations/figures//fig_labels_imdb.png> <./tables and vis
ualizations/figures//fig_labels_alldata.png> <./tables and visualizations/figur
es//fig_labels_hrast.png>]
<tables and visualizations/figures//fig_capstone_ml_binary_ternary_f1.png, id=4
1, 333.49594pt x 166.37157pt>
File: tables and visualizations/figures//fig_capstone_ml_binary_ternary_f1.png 
Graphic file (type png)
<use tables and visualizations/figures//fig_capstone_ml_binary_ternary_f1.png>
Package pdftex.def Info: tables and visualizations/figures//fig_capstone_ml_bin
ary_ternary_f1.png  used on input line 15.
(pdftex.def)             Requested size: 252.0pt x 125.71764pt.
) (sections/thesis_results.tex

<tables and visualizations/figures//2label_performance_chart.pdf, id=42, 867.24
pt x 578.16pt>
File: tables and visualizations/figures//2label_performance_chart.pdf Graphic f
ile (type pdf)
<use tables and visualizations/figures//2label_performance_chart.pdf>
Package pdftex.def Info: tables and visualizations/figures//2label_performance_
chart.pdf  used on input line 139.
(pdftex.def)             Requested size: 252.0pt x 167.99733pt.
<tables and visualizations/figures//3label_performance_chart.pdf, id=43, 867.24
pt x 578.16pt>
File: tables and visualizations/figures//3label_performance_chart.pdf Graphic f
ile (type pdf)
<use tables and visualizations/figures//3label_performance_chart.pdf>
Package pdftex.def Info: tables and visualizations/figures//3label_performance_
chart.pdf  used on input line 147.
(pdftex.def)             Requested size: 247.6778pt x 165.11255pt.
<tables and visualizations/figures//fig_ranking_3label.png, id=44, 855.195pt x 
278.2395pt>
File: tables and visualizations/figures//fig_ranking_3label.png Graphic file (t
ype png)
<use tables and visualizations/figures//fig_ranking_3label.png>
Package pdftex.def Info: tables and visualizations/figures//fig_ranking_3label.
png  used on input line 153.
(pdftex.def)             Requested size: 247.6778pt x 80.58124pt.
<tables and visualizations/figures//fig_ranking_2label.png, id=45, 855.195pt x 
278.2395pt>
File: tables and visualizations/figures//fig_ranking_2label.png Graphic file (t
ype png)
<use tables and visualizations/figures//fig_ranking_2label.png>
Package pdftex.def Info: tables and visualizations/figures//fig_ranking_2label.
png  used on input line 162.
(pdftex.def)             Requested size: 247.6778pt x 80.58124pt.
<tables and visualizations/figures//fig_paired_f1.png, id=46, 711.0565pt x 278.
2395pt>
File: tables and visualizations/figures//fig_paired_f1.png Graphic file (type p
ng)
<use tables and visualizations/figures//fig_paired_f1.png>
Package pdftex.def Info: tables and visualizations/figures//fig_paired_f1.png  
used on input line 168.
(pdftex.def)             Requested size: 247.6778pt x 96.91826pt.
) (sections/results.tex

[5 <./tables and visualizations/figures//fig_capstone_ensemble_eval_pipeline.pn
g> <./tables and visualizations/figures//fig_capstone_ml_binary_ternary_f1.png>
 <./tables and visualizations/figures//2label_performance_chart.pdf>]
<tables and visualizations/figures//fig_heatmap_2label.png, id=106, 699.413pt x
 277.4365pt>
File: tables and visualizations/figures//fig_heatmap_2label.png Graphic file (t
ype png)
<use tables and visualizations/figures//fig_heatmap_2label.png>
Package pdftex.def Info: tables and visualizations/figures//fig_heatmap_2label.
png  used on input line 17.
(pdftex.def)             Requested size: 252.84283pt x 100.29192pt.
<tables and visualizations/figures//fig_heatmap_3label.png, id=107, 699.413pt x
 277.4365pt>
File: tables and visualizations/figures//fig_heatmap_3label.png Graphic file (t
ype png)
<use tables and visualizations/figures//fig_heatmap_3label.png>
Package pdftex.def Info: tables and visualizations/figures//fig_heatmap_3label.
png  used on input line 18.
(pdftex.def)             Requested size: 252.84283pt x 100.29192pt.
<tables and visualizations/figures//fig_eval_status_2label.png, id=108, 277.838
pt x 277.4365pt>
File: tables and visualizations/figures//fig_eval_status_2label.png Graphic fil
e (type png)
<use tables and visualizations/figures//fig_eval_status_2label.png>
Package pdftex.def Info: tables and visualizations/figures//fig_eval_status_2la
bel.png  used on input line 25.
(pdftex.def)             Requested size: 252.84283pt x 252.48453pt.
<tables and visualizations/figures//fig_eval_status_3label.png, id=109, 277.838
pt x 277.4365pt>
File: tables and visualizations/figures//fig_eval_status_3label.png Graphic fil
e (type png)
<use tables and visualizations/figures//fig_eval_status_3label.png>
Package pdftex.def Info: tables and visualizations/figures//fig_eval_status_3la
bel.png  used on input line 26.
(pdftex.def)             Requested size: 252.84283pt x 252.48453pt.
<tables and visualizations/figures//fig_confusion_roberta_2label.png, id=110, 3
38.063pt x 278.641pt>
File: tables and visualizations/figures//fig_confusion_roberta_2label.png Graph
ic file (type png)
<use tables and visualizations/figures//fig_confusion_roberta_2label.png>
Package pdftex.def Info: tables and visualizations/figures//fig_confusion_rober
ta_2label.png  used on input line 34.
(pdftex.def)             Requested size: 252.0pt x 207.71321pt.
)
(sections/discussion.tex

) (sections/conclusion.tex

[6]

) (sections/system_artifacts.tex

[7 <./tables and visualizations/figures//3label_performance_chart.pdf> <./table
s and visualizations/figures//fig_ranking_3label.png> <./tables and visualizati
ons/figures//fig_ranking_2label.png> <./tables and visualizations/figures//fig_
paired_f1.png> <./tables and visualizations/figures//fig_heatmap_2label.png> <.
/tables and visualizations/figures//fig_heatmap_3label.png>])
(sections/repository_snapshot.tex



[8 <./tables and visualizations/figures//fig_eval_status_2label.png> <./tables 
and visualizations/figures//fig_eval_status_3label.png>]) (main.bbl




Overfull \vbox (5.60652pt too high) has occurred while \output is active []


[9 <./tables and visualizations/figures//fig_confusion_roberta_2label.png>]

)

[10] (sections/appendix.tex
(tables and visualizations/tables/tab_hrast_summary.tex))

** Conference Paper **
Before submitting the final camera ready copy, remember to:

 1. Manually equalize the lengths of two columns on the last page
 of your paper;

 2. Ensure that any PostScript and/or PDF output post-processing
 uses only Type 1 fonts and that every step in the generation
 process uses the appropriate paper size.





[11

] (main.aux)
 ***********
LaTeX2e <2024-06-01> patch level 2
L3 programming layer <2024-08-30>
 ***********
 ) 
Here is how much of TeX's memory you used:
 7614 strings out of 473892
 132412 string characters out of 5726335
 582409 words of memory out of 5000000
 29955 multiletter control sequences out of 15000+600000
 621324 words of font info for 370 fonts, out of 8000000 for 9000
 1141 hyphenation exceptions out of 8191
 57i,14n,65p,1468b,629s stack positions out of 10000i,1000n,20000p,200000b,200000s
<C:/Users/ravul/AppData/Local/Programs/MiKTeX/fonts/type1/public/amsfonts/cm/
cmex10.pfb><C:/Users/ravul/AppData/Local/Programs/MiKTeX/fonts/type1/public/ams
fonts/cm/cmmi10.pfb><C:/Users/ravul/AppData/Local/Programs/MiKTeX/fonts/type1/p
ublic/amsfonts/cm/cmmi7.pfb><C:/Users/ravul/AppData/Local/Programs/MiKTeX/fonts
/type1/public/amsfonts/cm/cmmi8.pfb><C:/Users/ravul/AppData/Local/Programs/MiKT
eX/fonts/type1/public/amsfonts/cm/cmmi9.pfb><C:/Users/ravul/AppData/Local/Progr
ams/MiKTeX/fonts/type1/public/amsfonts/cm/cmr10.pfb><C:/Users/ravul/AppData/Loc
al/Programs/MiKTeX/fonts/type1/public/amsfonts/cm/cmr7.pfb><C:/Users/ravul/AppD
ata/Local/Programs/MiKTeX/fonts/type1/public/amsfonts/cm/cmr8.pfb><C:/Users/rav
ul/AppData/Local/Programs/MiKTeX/fonts/type1/public/amsfonts/cm/cmsy10.pfb><C:/
Users/ravul/AppData/Local/Programs/MiKTeX/fonts/type1/public/amsfonts/cm/cmsy7.
pfb><C:/Users/ravul/AppData/Local/Programs/MiKTeX/fonts/type1/public/amsfonts/c
m/cmsy8.pfb><C:/Users/ravul/AppData/Local/Programs/MiKTeX/fonts/type1/urw/couri
er/ucrr8a.pfb><C:/Users/ravul/AppData/Local/Programs/MiKTeX/fonts/type1/urw/tim
es/utmb8a.pfb><C:/Users/ravul/AppData/Local/Programs/MiKTeX/fonts/type1/urw/tim
es/utmbi8a.pfb><C:/Users/ravul/AppData/Local/Programs/MiKTeX/fonts/type1/urw/ti
mes/utmr8a.pfb><C:/Users/ravul/AppData/Local/Programs/MiKTeX/fonts/type1/urw/ti
mes/utmri8a.pfb>
Output written on main.pdf (11 pages, 1466514 bytes).
PDF statistics:
 262 PDF objects out of 1000 (max. 8388607)
 0 named destinations out of 1000 (max. 500000)
 68187 words of extra memory for PDF output out of 74296 (max. 10000000)

